// Vitest Snapshot v1, https://vitest.dev/guide/snapshot.html

exports[`Deposit Circuit > verifies on chain > deposit verification budget 1`] = `103513`;
