// Vitest Snapshot v1, https://vitest.dev/guide/snapshot.html

exports[`Mithras App > deposit > deposit app budget 1`] = `174391`;

exports[`Mithras App > spend > deposit app budget 1`] = `356661`;
