// Vitest Snapshot v1, https://vitest.dev/guide/snapshot.html

exports[`Spend Circuit > verifies on chain > spend verification budget 1`] = `266700`;
